<?xml version="1.0" encoding="UTF-8"?>
<testsuites name="jest tests" tests="60" failures="0" errors="0" time="7.151">
  <testsuite name="isValid function" errors="0" failures="0" skipped="0" timestamp="2024-11-21T13:24:21" time="4.834" tests="11">
    <testcase classname="isValid function example 1" name="isValid function example 1" time="0.044">
    </testcase>
    <testcase classname="isValid function example 2" name="isValid function example 2" time="0.001">
    </testcase>
    <testcase classname="isValid function example 3" name="isValid function example 3" time="0.001">
    </testcase>
    <testcase classname="isValid function example 4" name="isValid function example 4" time="0.001">
    </testcase>
    <testcase classname="isValid function unmatched opening bracket" name="isValid function unmatched opening bracket" time="0.002">
    </testcase>
    <testcase classname="isValid function unmatched closing bracket" name="isValid function unmatched closing bracket" time="0.001">
    </testcase>
    <testcase classname="isValid function nested brackets" name="isValid function nested brackets" time="0.001">
    </testcase>
    <testcase classname="isValid function incorrectly nested brackets" name="isValid function incorrectly nested brackets" time="0.001">
    </testcase>
    <testcase classname="isValid function empty string" name="isValid function empty string" time="0.001">
    </testcase>
    <testcase classname="isValid function long valid string" name="isValid function long valid string" time="0.002">
    </testcase>
    <testcase classname="isValid function long invalid string" name="isValid function long invalid string" time="0.005">
    </testcase>
  </testsuite>
  <testsuite name="longestCommonPrefix function" errors="0" failures="0" skipped="0" timestamp="2024-11-21T13:24:21" time="4.868" tests="10">
    <testcase classname="longestCommonPrefix function example 1" name="longestCommonPrefix function example 1" time="0.028">
    </testcase>
    <testcase classname="longestCommonPrefix function example 2" name="longestCommonPrefix function example 2" time="0.001">
    </testcase>
    <testcase classname="longestCommonPrefix function no common prefix" name="longestCommonPrefix function no common prefix" time="0.001">
    </testcase>
    <testcase classname="longestCommonPrefix function all strings are the same" name="longestCommonPrefix function all strings are the same" time="0.001">
    </testcase>
    <testcase classname="longestCommonPrefix function one string is empty" name="longestCommonPrefix function one string is empty" time="0.014">
    </testcase>
    <testcase classname="longestCommonPrefix function all strings are empty" name="longestCommonPrefix function all strings are empty" time="0.001">
    </testcase>
    <testcase classname="longestCommonPrefix function single string in array" name="longestCommonPrefix function single string in array" time="0.001">
    </testcase>
    <testcase classname="longestCommonPrefix function common prefix with different lengths" name="longestCommonPrefix function common prefix with different lengths" time="0.001">
    </testcase>
    <testcase classname="longestCommonPrefix function common prefix with one character" name="longestCommonPrefix function common prefix with one character" time="0.001">
    </testcase>
    <testcase classname="longestCommonPrefix function no strings in array" name="longestCommonPrefix function no strings in array" time="0.001">
    </testcase>
  </testsuite>
  <testsuite name="undefined" errors="0" failures="0" skipped="0" timestamp="2024-11-21T13:24:21" time="4.929" tests="5">
    <testcase classname=" mergeTwoLists example 1" name=" mergeTwoLists example 1" time="0.028">
    </testcase>
    <testcase classname=" mergeTwoLists example 2" name=" mergeTwoLists example 2" time="0.002">
    </testcase>
    <testcase classname=" mergeTwoLists example 3" name=" mergeTwoLists example 3" time="0.001">
    </testcase>
    <testcase classname=" mergeTwoLists with list1 exhausted before list2" name=" mergeTwoLists with list1 exhausted before list2" time="0.002">
    </testcase>
    <testcase classname=" mergeTwoLists with list2 exhausted before list1" name=" mergeTwoLists with list2 exhausted before list1" time="0.002">
    </testcase>
  </testsuite>
  <testsuite name="undefined" errors="0" failures="0" skipped="0" timestamp="2024-11-21T13:24:21" time="5.119" tests="5">
    <testcase classname=" romanToInt example 1" name=" romanToInt example 1" time="0.016">
    </testcase>
    <testcase classname=" romanToInt example 2" name=" romanToInt example 2" time="0.001">
    </testcase>
    <testcase classname=" romanToInt example 3" name=" romanToInt example 3" time="0.001">
    </testcase>
    <testcase classname=" romanToInt with single character" name=" romanToInt with single character" time="0.002">
    </testcase>
    <testcase classname=" romanToInt with complex numerals" name=" romanToInt with complex numerals" time="0.001">
    </testcase>
  </testsuite>
  <testsuite name="undefined" errors="0" failures="0" skipped="0" timestamp="2024-11-21T13:24:21" time="5.073" tests="5">
    <testcase classname=" removeElement example 1" name=" removeElement example 1" time="0.013">
    </testcase>
    <testcase classname=" removeElement example 2" name=" removeElement example 2" time="0">
    </testcase>
    <testcase classname=" removeElement with no occurrences" name=" removeElement with no occurrences" time="0.001">
    </testcase>
    <testcase classname=" removeElement with all occurrences" name=" removeElement with all occurrences" time="0.001">
    </testcase>
    <testcase classname=" removeElement with mixed values" name=" removeElement with mixed values" time="0.001">
    </testcase>
  </testsuite>
  <testsuite name="strStr function" errors="0" failures="0" skipped="0" timestamp="2024-11-21T13:24:21" time="5.785" tests="14">
    <testcase classname="strStr function example 1" name="strStr function example 1" time="0.009">
    </testcase>
    <testcase classname="strStr function example 2" name="strStr function example 2" time="0">
    </testcase>
    <testcase classname="strStr function needle not in haystack" name="strStr function needle not in haystack" time="0">
    </testcase>
    <testcase classname="strStr function needle is empty" name="strStr function needle is empty" time="0.001">
    </testcase>
    <testcase classname="strStr function haystack is empty" name="strStr function haystack is empty" time="0.001">
    </testcase>
    <testcase classname="strStr function needle is longer than haystack" name="strStr function needle is longer than haystack" time="0">
    </testcase>
    <testcase classname="strStr function large input" name="strStr function large input" time="0.002">
    </testcase>
    <testcase classname="strStr2 function example 1" name="strStr2 function example 1" time="0">
    </testcase>
    <testcase classname="strStr2 function example 2" name="strStr2 function example 2" time="0.001">
    </testcase>
    <testcase classname="strStr2 function needle not in haystack" name="strStr2 function needle not in haystack" time="0">
    </testcase>
    <testcase classname="strStr2 function needle is empty" name="strStr2 function needle is empty" time="0">
    </testcase>
    <testcase classname="strStr2 function haystack is empty" name="strStr2 function haystack is empty" time="0.001">
    </testcase>
    <testcase classname="strStr2 function needle is longer than haystack" name="strStr2 function needle is longer than haystack" time="0">
    </testcase>
    <testcase classname="strStr2 function large input" name="strStr2 function large input" time="0.008">
    </testcase>
  </testsuite>
  <testsuite name="searchInsert function" errors="0" failures="0" skipped="0" timestamp="2024-11-21T13:24:21" time="6.115" tests="10">
    <testcase classname="searchInsert function example 1" name="searchInsert function example 1" time="0.009">
    </testcase>
    <testcase classname="searchInsert function example 2" name="searchInsert function example 2" time="0">
    </testcase>
    <testcase classname="searchInsert function example 3" name="searchInsert function example 3" time="0">
    </testcase>
    <testcase classname="searchInsert function target is smaller than all elements" name="searchInsert function target is smaller than all elements" time="0">
    </testcase>
    <testcase classname="searchInsert function target is larger than all elements" name="searchInsert function target is larger than all elements" time="0.001">
    </testcase>
    <testcase classname="searchInsert function target is in the middle of the array" name="searchInsert function target is in the middle of the array" time="0">
    </testcase>
    <testcase classname="searchInsert function target is not in the array and should be inserted in the middle" name="searchInsert function target is not in the array and should be inserted in the middle" time="0">
    </testcase>
    <testcase classname="searchInsert function single element array, target is the element" name="searchInsert function single element array, target is the element" time="0">
    </testcase>
    <testcase classname="searchInsert function single element array, target is smaller" name="searchInsert function single element array, target is smaller" time="0">
    </testcase>
    <testcase classname="searchInsert function single element array, target is larger" name="searchInsert function single element array, target is larger" time="0">
    </testcase>
  </testsuite>
</testsuites>